Timestamp,Value,Status,Notes
2020-09-18 22:15:00,26006,513,System was unable to calculate the previous 44 values due to Data Error | System detected a catch-up spike.
2020-09-18 22:30:00,556,2,
2020-09-18 22:45:00,552,2,
2020-09-18 23:00:00,556,2,
2020-09-19 16:15:00,33820,513,System was unable to calculate the previous 68 values due to Data Error | System detected a catch-up spike.
2020-09-19 16:30:00,452,2,
2020-09-19 16:45:00,448,2,
2020-09-19 17:00:00,432,2,
2020-09-19 18:15:00,2072,513,System was unable to calculate the previous 4 values due to Data Error | System detected a catch-up spike.
2020-09-19 18:30:00,416,2,
2020-09-19 18:45:00,410,2,
2020-09-19 19:00:00,410,2,
2020-09-19 19:15:00,418,2,
2020-09-19 19:30:00,414,2,
2020-09-19 19:45:00,404,2,
2020-09-19 20:00:00,408,2,
2020-09-20 16:15:00,31680,513,System was unable to calculate the previous 80 values due to Data Error | System detected a catch-up spike.
2020-09-20 16:30:00,366,2,
2020-09-20 16:45:00,374,2,
2020-09-20 17:00:00,366,2,
2020-09-20 17:15:00,358,2,
2020-09-20 17:30:00,366,2,
2020-09-20 17:45:00,372,2,
2020-09-20 18:00:00,372,2,
2020-09-21 06:15:00,19088,513,System was unable to calculate the previous 48 values due to Data Error | System detected a catch-up spike.
2020-09-21 06:30:00,518,2,
2020-09-21 06:45:00,512,2,
2020-09-21 07:00:00,524,2,
2020-09-21 07:15:00,488,2,
2020-09-21 07:30:00,468,2,
2020-09-21 07:45:00,456,2,
2020-09-21 08:00:00,462,2,
2020-09-21 08:15:00,494,2,
2020-09-21 08:30:00,516,2,
2020-09-21 08:45:00,476,2,
2020-09-21 09:00:00,468,2,
2020-09-21 09:15:00,492,2,
2020-09-21 09:30:00,480,2,
2020-09-21 09:45:00,444,2,
2020-09-21 10:00:00,432,2,
2020-09-21 10:15:00,424,2,
2020-09-21 10:30:00,456,2,
2020-09-21 10:45:00,452,2,
2020-09-21 11:00:00,462,2,
2020-09-21 11:15:00,470,2,
2020-09-21 11:30:00,454,2,
2020-09-21 11:45:00,446,2,
2020-09-21 12:00:00,438,2,
2020-09-21 12:15:00,450,2,
2020-09-21 12:30:00,452,2,
2020-09-21 12:45:00,452,2,
2020-09-21 13:00:00,438,2,
2020-09-21 13:15:00,434,2,
2020-09-21 13:30:00,444,2,
2020-09-21 13:45:00,516,2,
2020-09-21 14:00:00,546,2,
2020-09-21 14:15:00,550,2,
2020-09-21 14:30:00,556,2,
2020-09-21 14:45:00,564,2,
2020-09-21 15:00:00,546,2,
2020-09-21 15:15:00,522,2,
2020-09-21 15:30:00,536,2,
2020-09-21 15:45:00,528,2,
2020-09-21 16:00:00,510,2,
2020-09-21 16:15:00,510,2,
2020-09-21 16:30:00,504,2,
2020-09-21 16:45:00,518,2,
2020-09-21 17:00:00,558,2,
2020-09-21 17:15:00,540,2,
2020-09-21 17:30:00,524,2,
2020-09-21 17:45:00,536,2,
2020-09-21 18:00:00,524,2,
2020-09-21 18:15:00,540,2,
2020-09-21 18:30:00,546,2,
2020-09-21 18:45:00,538,2,
2020-09-21 19:00:00,532,2,
2020-09-21 19:15:00,548,2,
2020-09-21 19:30:00,552,2,
2020-09-21 19:45:00,544,2,
2020-09-21 20:00:00,546,2,
2020-09-21 20:15:00,540,2,
2020-09-21 20:30:00,536,2,
2020-09-21 20:45:00,542,2,
2020-09-21 21:00:00,516,2,
2020-09-21 21:15:00,516,2,
2020-09-21 21:30:00,528,2,
2020-09-21 21:45:00,540,2,
2020-09-21 22:00:00,550,2,
2020-09-21 22:15:00,550,2,
2020-09-21 22:30:00,560,2,
2020-09-21 22:45:00,568,2,
2020-09-21 23:00:00,572,2,
2020-09-21 23:15:00,548,2,
2020-09-21 23:30:00,550,2,
2020-09-21 23:45:00,542,2,
2020-09-22 00:00:00,536,2,
2020-09-22 00:15:00,528,2,
2020-09-22 00:30:00,524,2,
2020-09-22 00:45:00,528,2,
2020-09-22 01:00:00,524,2,
2020-09-22 01:15:00,516,2,
2020-09-22 01:30:00,508,2,
2020-09-22 01:45:00,496,2,
2020-09-22 02:00:00,508,2,
2020-09-22 02:15:00,516,2,
2020-09-22 02:30:00,512,2,
2020-09-22 02:45:00,526,2,
2020-09-22 03:00:00,518,2,
2020-09-22 03:15:00,524,2,
2020-09-22 03:30:00,534,2,
2020-09-22 03:45:00,532,2,
2020-09-22 04:00:00,526,2,
2020-09-22 04:15:00,528,2,
2020-09-22 04:30:00,524,2,
2020-09-22 04:45:00,496,2,
2020-09-22 05:00:00,512,2,
2020-09-22 05:15:00,516,2,
2020-09-22 05:30:00,544,2,
2020-09-22 05:45:00,576,2,
2020-09-22 06:00:00,574,2,
2020-09-22 06:15:00,590,2,
2020-09-22 06:30:00,572,2,
2020-09-22 06:45:00,584,2,
2020-09-22 07:00:00,588,2,
2020-09-22 07:15:00,576,2,
2020-09-22 07:30:00,582,2,
2020-09-22 07:45:00,574,2,
2020-09-22 08:00:00,576,2,
2020-09-22 08:15:00,576,2,
2020-09-22 08:30:00,580,2,
2020-09-22 08:45:00,578,2,
2020-09-22 09:00:00,594,2,
2020-09-22 09:15:00,584,2,
2020-09-22 09:30:00,604,2,
2020-09-22 09:45:00,622,2,
2020-09-22 10:00:00,614,2,
2020-09-22 10:15:00,620,2,
2020-09-22 10:30:00,616,2,
2020-09-22 10:45:00,588,2,
2020-09-22 11:00:00,580,2,
2020-09-22 11:15:00,596,2,
2020-09-22 11:30:00,608,2,
2020-09-22 11:45:00,604,2,
2020-09-22 12:00:00,602,2,
2020-09-22 12:15:00,614,2,
2020-09-22 12:30:00,584,2,
2020-09-22 12:45:00,588,2,
2020-09-22 13:00:00,580,2,
2020-09-22 13:15:00,586,2,
2020-09-22 13:30:00,594,2,
2020-09-22 13:45:00,608,2,
2020-09-22 14:00:00,624,2,
2020-09-22 14:15:00,626,2,
2020-09-22 14:30:00,636,2,
2020-09-22 14:45:00,614,2,
2020-09-22 15:00:00,608,2,
2020-09-22 15:15:00,612,2,
2020-09-22 15:30:00,608,2,
2020-09-22 15:45:00,580,2,
2020-09-22 16:00:00,588,2,
2020-09-22 16:15:00,568,2,
2020-09-22 16:30:00,586,2,
2020-09-22 16:45:00,586,2,
2020-09-22 17:00:00,586,2,
2020-09-22 17:15:00,574,2,
2020-09-22 17:30:00,570,2,
2020-09-22 17:45:00,572,2,
2020-09-22 18:00:00,562,2,
2020-09-22 18:15:00,556,2,
2020-09-22 18:30:00,554,2,
2020-09-22 18:45:00,550,2,
2020-09-22 19:00:00,556,2,
2020-09-22 19:15:00,560,2,
2020-09-22 19:30:00,552,2,
2020-09-22 19:45:00,568,2,
2020-09-22 20:00:00,568,2,
2020-09-22 20:15:00,556,2,
2020-09-22 20:30:00,556,2,
2020-09-22 20:45:00,554,2,
2020-09-22 21:00:00,552,2,
2020-09-22 21:15:00,534,2,
2020-09-22 21:30:00,564,2,
2020-09-22 21:45:00,560,2,
2020-09-22 22:00:00,572,2,
2020-09-22 22:15:00,570,2,
2020-09-22 22:30:00,584,2,
2020-09-22 22:45:00,576,2,
2020-09-22 23:00:00,576,2,
2020-09-22 23:15:00,584,2,
2020-09-22 23:30:00,582,2,
2020-09-22 23:45:00,588,2,
2020-09-23 00:00:00,570,2,
2020-09-23 00:15:00,566,2,
2020-09-23 00:30:00,560,2,
2020-09-23 00:45:00,556,2,
2020-09-23 01:00:00,560,2,
2020-09-23 01:15:00,566,2,
2020-09-23 01:30:00,554,2,
2020-09-23 01:45:00,544,2,
2020-09-23 02:00:00,556,2,
2020-09-23 02:15:00,552,2,
2020-09-23 02:30:00,540,2,
2020-09-23 02:45:00,566,2,
2020-09-23 03:00:00,564,2,
2020-09-23 03:15:00,570,2,
2020-09-23 03:30:00,568,2,
2020-09-23 03:45:00,556,2,
2020-09-23 04:00:00,556,2,
2020-09-23 04:15:00,544,2,
2020-09-23 04:30:00,552,2,
2020-09-23 04:45:00,560,2,
2020-09-23 05:00:00,592,2,
2020-09-23 05:15:00,602,2,
2020-09-23 05:30:00,642,2,
2020-09-23 05:45:00,628,2,
2020-09-23 06:00:00,632,2,
2020-09-23 06:15:00,624,2,
2020-09-23 06:30:00,600,2,
2020-09-23 06:45:00,604,2,
2020-09-23 07:00:00,600,2,
2020-09-23 07:15:00,620,2,
2020-09-23 07:30:00,616,2,
2020-09-23 07:45:00,630,2,
2020-09-23 08:00:00,628,2,
2020-09-23 08:15:00,630,2,
2020-09-23 08:30:00,632,2,
2020-09-23 08:45:00,648,2,
2020-09-23 09:00:00,644,2,
2020-09-23 09:15:00,648,2,
2020-09-23 09:30:00,644,2,
2020-09-23 09:45:00,628,2,
2020-09-23 10:00:00,632,2,
2020-09-23 10:15:00,624,2,
2020-09-23 10:30:00,634,2,
2020-09-23 10:45:00,646,2,
2020-09-23 11:00:00,664,2,
2020-09-23 11:15:00,656,2,
2020-09-23 11:30:00,652,2,
2020-09-23 11:45:00,652,2,
2020-09-23 12:00:00,658,2,
2020-09-23 12:15:00,642,2,
2020-09-23 12:30:00,612,2,
2020-09-23 12:45:00,588,2,
2020-09-23 13:00:00,574,2,
2020-09-23 13:15:00,578,2,
2020-09-23 13:30:00,598,2,
2020-09-23 13:45:00,594,2,
2020-09-23 14:00:00,596,2,
2020-09-23 14:15:00,600,2,
2020-09-23 14:30:00,576,2,
2020-09-23 14:45:00,594,2,
2020-09-23 15:00:00,594,2,
2020-09-23 15:15:00,576,2,
2020-09-23 15:30:00,576,2,
2020-09-23 15:45:00,574,2,
2020-09-23 16:00:00,578,2,
2020-09-23 16:15:00,564,2,
2020-09-23 16:30:00,576,2,
2020-09-23 16:45:00,578,2,
2020-09-23 17:00:00,562,2,
2020-09-23 17:15:00,566,2,
2020-09-23 17:30:00,550,2,
2020-09-23 17:45:00,536,2,
2020-09-23 18:00:00,542,2,
2020-09-23 18:15:00,540,2,
2020-09-23 18:30:00,542,2,
2020-09-23 18:45:00,568,2,
2020-09-23 19:00:00,574,2,
2020-09-23 19:15:00,566,2,
2020-09-23 19:30:00,568,2,
2020-09-23 19:45:00,554,2,
2020-09-23 20:00:00,542,2,
2020-09-23 20:15:00,544,2,
2020-09-23 20:30:00,532,2,
2020-09-23 20:45:00,530,2,
2020-09-23 21:00:00,516,2,
2020-09-23 21:15:00,514,2,
2020-09-23 21:30:00,504,2,
2020-09-23 21:45:00,504,2,
2020-09-23 22:00:00,516,2,
2020-09-23 22:15:00,506,2,
2020-09-23 22:30:00,522,2,
2020-09-23 22:45:00,516,2,
2020-09-23 23:00:00,516,2,
2020-09-23 23:15:00,520,2,
2020-09-23 23:30:00,516,2,
2020-09-23 23:45:00,512,2,
2020-09-24 00:00:00,508,2,
2020-09-24 00:15:00,516,2,
2020-09-24 00:30:00,492,2,
2020-09-24 00:45:00,506,2,
2020-09-24 01:00:00,506,2,
2020-09-24 01:15:00,500,2,
2020-09-24 01:30:00,506,2,
2020-09-24 01:45:00,488,2,
2020-09-24 02:00:00,502,2,
2020-09-24 02:15:00,504,2,
2020-09-24 02:30:00,504,2,
2020-09-24 02:45:00,510,2,
2020-09-24 03:00:00,522,2,
2020-09-24 03:15:00,532,2,
2020-09-24 03:30:00,520,2,
2020-09-24 03:45:00,524,2,
2020-09-24 04:00:00,528,2,
2020-09-24 04:15:00,532,2,
2020-09-24 04:30:00,520,2,
2020-09-24 04:45:00,516,2,
2020-09-24 05:00:00,518,2,
2020-09-24 05:15:00,546,2,
2020-09-24 05:30:00,600,2,
2020-09-24 05:45:00,612,2,
2020-09-24 06:00:00,626,2,
2020-09-24 06:15:00,626,2,
2020-09-24 06:30:00,610,2,
2020-09-24 06:45:00,614,2,
2020-09-24 07:00:00,628,2,
2020-09-24 07:15:00,620,2,
2020-09-24 07:30:00,632,2,
2020-09-24 07:45:00,630,2,
2020-09-24 08:00:00,632,2,
2020-09-24 08:15:00,618,2,
2020-09-24 08:30:00,622,2,
2020-09-24 08:45:00,618,2,
2020-09-24 09:00:00,634,2,
2020-09-24 09:15:00,628,2,
2020-09-24 09:30:00,624,2,
2020-09-24 09:45:00,614,2,
2020-09-24 10:00:00,616,2,
2020-09-24 10:15:00,608,2,
2020-09-24 10:30:00,612,2,
2020-09-24 10:45:00,610,2,
2020-09-24 11:00:00,612,2,
2020-09-24 11:15:00,618,2,
2020-09-24 11:30:00,564,2,
2020-09-24 11:45:00,524,2,
2020-09-24 12:00:00,536,2,
2020-09-24 12:15:00,604,2,
2020-09-24 12:30:00,580,2,
2020-09-24 12:45:00,560,2,
2020-09-24 13:00:00,572,2,
2020-09-24 13:15:00,556,2,
2020-09-24 13:30:00,572,2,
2020-09-24 13:45:00,572,2,
2020-09-24 14:00:00,570,2,
2020-09-24 14:15:00,554,2,
2020-09-24 14:30:00,550,2,
2020-09-24 14:45:00,550,2,
2020-09-24 15:00:00,530,2,
2020-09-24 15:15:00,526,2,
2020-09-24 15:30:00,522,2,
2020-09-24 15:45:00,506,2,
2020-09-24 16:00:00,512,2,
2020-09-24 16:15:00,512,2,
2020-09-24 16:30:00,508,2,
2020-09-24 16:45:00,510,2,
2020-09-24 17:00:00,506,2,
2020-09-24 17:15:00,512,2,
2020-09-24 17:30:00,520,2,
2020-09-24 17:45:00,512,2,
2020-09-24 18:00:00,510,2,
2020-09-24 18:15:00,510,2,
2020-09-24 18:30:00,516,2,
2020-09-24 18:45:00,524,2,
2020-09-24 19:00:00,520,2,
2020-09-24 19:15:00,520,2,
2020-09-24 19:30:00,532,2,
2020-09-24 19:45:00,536,2,
2020-09-24 20:00:00,532,2,
2020-09-24 20:15:00,516,2,
2020-09-24 20:30:00,508,2,
2020-09-24 20:45:00,512,2,
2020-09-24 21:00:00,512,2,
2020-09-24 21:15:00,482,2,
2020-09-24 21:30:00,492,2,
2020-09-24 21:45:00,500,2,
2020-09-24 22:00:00,500,2,
2020-09-24 22:15:00,514,2,
2020-09-24 22:30:00,524,2,
2020-09-24 22:45:00,520,2,
2020-09-24 23:00:00,530,2,
