Timestamp,Value,Status,Notes
2020-01-16 11:00:00,1996461,2,
2020-01-16 11:15:00,1996559,2,
2020-01-16 11:30:00,1996666,2,
2020-01-16 11:45:00,1996769,2,
2020-01-16 12:00:00,1996883,2,
2020-01-16 12:15:00,1996981,2,
2020-01-16 12:30:00,1997093,2,
2020-01-16 12:45:00,1997197,2,
