Timestamp,Value,Status,Notes
2020-01-16 06:15:00,108,2,
2020-01-16 06:30:00,104,2,
2020-01-16 06:45:00,115,2,
2020-01-16 07:00:00,103,2,
2020-01-16 07:15:00,113,2,
2020-01-16 07:30:00,107,2,
2020-01-16 07:45:00,112,2,
2020-01-16 08:00:00,105,2,
2020-01-16 08:15:00,113,2,
2020-01-16 09:00:00,327,513,System was unable to calculate the previous 2 values due to gap | System detected a catch-up spike.
